// Vitest Snapshot v1, https://vitest.dev/guide/snapshot.html

exports[`MinecraftJavaServer > generates the expected template 1`] = `
{
  "Parameters": {
    "BootstrapVersion": {
      "Default": "/cdk-bootstrap/hnb659fds/version",
      "Description": "Version of the CDK Bootstrap resources in this environment, automatically retrieved from SSM Parameter Store. [cdk:skip]",
      "Type": "AWS::SSM::Parameter::Value<String>",
    },
  },
  "Resources": {
    "TestLaunchTemplate2212C1A1": {
      "Properties": {
        "LaunchTemplateData": {
          "ImageId": "resolve:ssm:/aws/service/ami-amazon-linux-latest/al2023-ami-kernel-default-arm64",
          "InstanceInitiatedShutdownBehavior": "terminate",
          "InstanceType": "t4g.medium",
          "MetadataOptions": {
            "HttpTokens": "required",
          },
          "TagSpecifications": [
            {
              "ResourceType": "instance",
              "Tags": [
                {
                  "Key": "elasticraft:serverId",
                  "Value": "Test",
                },
                {
                  "Key": "Name",
                  "Value": "Default/Test/LaunchTemplate",
                },
              ],
            },
            {
              "ResourceType": "volume",
              "Tags": [
                {
                  "Key": "elasticraft:serverId",
                  "Value": "Test",
                },
                {
                  "Key": "Name",
                  "Value": "Default/Test/LaunchTemplate",
                },
              ],
            },
          ],
          "UserData": {
            "Fn::Base64": {
              "Fn::Join": [
                "",
                [
                  "Content-Type: multipart/mixed; boundary="+AWS+CDK+User+Data+Separator=="
MIME-Version: 1.0

--+AWS+CDK+User+Data+Separator==
Content-Type: text/x-shellscript; charset="utf-8"
Content-Transfer-Encoding: base64

",
                  {
                    "Fn::Base64": "#!/bin/bash
mkdir --parents /etc/elasticraft
echo -n 'Test' > /etc/elasticraft/server-id",
                  },
                  "
--+AWS+CDK+User+Data+Separator==--
",
                ],
              ],
            },
          },
        },
        "TagSpecifications": [
          {
            "ResourceType": "launch-template",
            "Tags": [
              {
                "Key": "elasticraft:serverId",
                "Value": "Test",
              },
              {
                "Key": "Name",
                "Value": "Default/Test/LaunchTemplate",
              },
            ],
          },
        ],
      },
      "Type": "AWS::EC2::LaunchTemplate",
    },
  },
  "Rules": {
    "CheckBootstrapVersion": {
      "Assertions": [
        {
          "Assert": {
            "Fn::Not": [
              {
                "Fn::Contains": [
                  [
                    "1",
                    "2",
                    "3",
                    "4",
                    "5",
                  ],
                  {
                    "Ref": "BootstrapVersion",
                  },
                ],
              },
            ],
          },
          "AssertDescription": "CDK bootstrap stack version 6 required. Please run 'cdk bootstrap' with a recent version of the CDK CLI.",
        },
      ],
    },
  },
}
`;
