// Vitest Snapshot v1, https://vitest.dev/guide/snapshot.html

exports[`MinecraftJavaServer > generates the expected template 1`] = `
{
  "Parameters": {
    "BootstrapVersion": {
      "Default": "/cdk-bootstrap/hnb659fds/version",
      "Description": "Version of the CDK Bootstrap resources in this environment, automatically retrieved from SSM Parameter Store. [cdk:skip]",
      "Type": "AWS::SSM::Parameter::Value<String>",
    },
  },
  "Resources": {
    "TestGameSecurityGroup041BC63D": {
      "Properties": {
        "GroupDescription": "Default/Test/GameSecurityGroup",
        "SecurityGroupEgress": [
          {
            "CidrIp": "255.255.255.255/32",
            "Description": "Disallow all traffic",
            "FromPort": 252,
            "IpProtocol": "icmp",
            "ToPort": 86,
          },
        ],
        "SecurityGroupIngress": [
          {
            "CidrIp": "0.0.0.0/0",
            "Description": "from 0.0.0.0/0:25565",
            "FromPort": 25565,
            "IpProtocol": "tcp",
            "ToPort": 25565,
          },
          {
            "CidrIpv6": "::/0",
            "Description": "from ::/0:25565",
            "FromPort": 25565,
            "IpProtocol": "tcp",
            "ToPort": 25565,
          },
        ],
        "Tags": [
          {
            "Key": "elasticraft:serverId",
            "Value": "Test",
          },
        ],
        "VpcId": {
          "Ref": "VPCB9E5F0B4",
        },
      },
      "Type": "AWS::EC2::SecurityGroup",
    },
    "TestGeneralSecurityGroupE4043884": {
      "Properties": {
        "GroupDescription": "Default/Test/GeneralSecurityGroup",
        "SecurityGroupEgress": [
          {
            "CidrIp": "0.0.0.0/0",
            "Description": "Allow all outbound traffic by default",
            "IpProtocol": "-1",
          },
          {
            "CidrIpv6": "::/0",
            "Description": "Allow all outbound ipv6 traffic by default",
            "IpProtocol": "-1",
          },
        ],
        "VpcId": {
          "Ref": "VPCB9E5F0B4",
        },
      },
      "Type": "AWS::EC2::SecurityGroup",
    },
    "TestLaunchTemplate2212C1A1": {
      "Properties": {
        "LaunchTemplateData": {
          "ImageId": "resolve:ssm:/aws/service/ami-amazon-linux-latest/al2023-ami-kernel-default-arm64",
          "InstanceInitiatedShutdownBehavior": "terminate",
          "InstanceType": "t4g.medium",
          "MetadataOptions": {
            "HttpTokens": "required",
          },
          "SecurityGroupIds": [
            {
              "Fn::GetAtt": [
                "TestGameSecurityGroup041BC63D",
                "GroupId",
              ],
            },
            {
              "Fn::GetAtt": [
                "TestGeneralSecurityGroupE4043884",
                "GroupId",
              ],
            },
          ],
          "TagSpecifications": [
            {
              "ResourceType": "instance",
              "Tags": [
                {
                  "Key": "elasticraft:serverId",
                  "Value": "Test",
                },
                {
                  "Key": "Name",
                  "Value": "Default/Test/LaunchTemplate",
                },
              ],
            },
            {
              "ResourceType": "volume",
              "Tags": [
                {
                  "Key": "elasticraft:serverId",
                  "Value": "Test",
                },
                {
                  "Key": "Name",
                  "Value": "Default/Test/LaunchTemplate",
                },
              ],
            },
          ],
          "UserData": {
            "Fn::Base64": {
              "Fn::Join": [
                "",
                [
                  "Content-Type: multipart/mixed; boundary="+AWS+CDK+User+Data+Separator=="
MIME-Version: 1.0

--+AWS+CDK+User+Data+Separator==
Content-Type: text/x-shellscript; charset="utf-8"
Content-Transfer-Encoding: base64

",
                  {
                    "Fn::Base64": "#!/bin/bash
mkdir --parents /etc/elasticraft
echo -n 'Test' > /etc/elasticraft/server-id",
                  },
                  "
--+AWS+CDK+User+Data+Separator==--
",
                ],
              ],
            },
          },
        },
        "TagSpecifications": [
          {
            "ResourceType": "launch-template",
            "Tags": [
              {
                "Key": "elasticraft:serverId",
                "Value": "Test",
              },
              {
                "Key": "Name",
                "Value": "Default/Test/LaunchTemplate",
              },
            ],
          },
        ],
      },
      "Type": "AWS::EC2::LaunchTemplate",
    },
    "VPCB9E5F0B4": {
      "Properties": {
        "CidrBlock": "10.0.0.0/16",
        "EnableDnsHostnames": true,
        "EnableDnsSupport": true,
        "InstanceTenancy": "default",
        "Tags": [
          {
            "Key": "Name",
            "Value": "Default/VPC",
          },
        ],
      },
      "Type": "AWS::EC2::VPC",
    },
  },
  "Rules": {
    "CheckBootstrapVersion": {
      "Assertions": [
        {
          "Assert": {
            "Fn::Not": [
              {
                "Fn::Contains": [
                  [
                    "1",
                    "2",
                    "3",
                    "4",
                    "5",
                  ],
                  {
                    "Ref": "BootstrapVersion",
                  },
                ],
              },
            ],
          },
          "AssertDescription": "CDK bootstrap stack version 6 required. Please run 'cdk bootstrap' with a recent version of the CDK CLI.",
        },
      ],
    },
  },
}
`;
